###############################################################################
#
# IAR ELF Linker V7.80.4.12462/W32 for ARM                21/Jun/2018  13:32:53
# Copyright 2007-2017 IAR Systems AB.
#
#    Output file  =  
#        C:\Users\georgeb\Documents\Nucleo-F401RE\LinkProject\LinkProject476RG.ioc\EWARM\LinkProject476RG.ioc\Exe\LinkProject476RG.ioc.out
#    Map file     =  
#        C:\Users\georgeb\Documents\Nucleo-F401RE\LinkProject\LinkProject476RG.ioc\EWARM\LinkProject476RG.ioc\List\LinkProject476RG.ioc.map
#    Command line =  
#        C:\Users\georgeb\Documents\Nucleo-F401RE\LinkProject\LinkProject476RG.ioc\EWARM\LinkProject476RG.ioc\Obj\cmsis_os.o
#        C:\Users\georgeb\Documents\Nucleo-F401RE\LinkProject\LinkProject476RG.ioc\EWARM\LinkProject476RG.ioc\Obj\croutine.o
#        C:\Users\georgeb\Documents\Nucleo-F401RE\LinkProject\LinkProject476RG.ioc\EWARM\LinkProject476RG.ioc\Obj\event_groups.o
#        C:\Users\georgeb\Documents\Nucleo-F401RE\LinkProject\LinkProject476RG.ioc\EWARM\LinkProject476RG.ioc\Obj\freertos.o
#        C:\Users\georgeb\Documents\Nucleo-F401RE\LinkProject\LinkProject476RG.ioc\EWARM\LinkProject476RG.ioc\Obj\gpio.o
#        C:\Users\georgeb\Documents\Nucleo-F401RE\LinkProject\LinkProject476RG.ioc\EWARM\LinkProject476RG.ioc\Obj\heap_4.o
#        C:\Users\georgeb\Documents\Nucleo-F401RE\LinkProject\LinkProject476RG.ioc\EWARM\LinkProject476RG.ioc\Obj\i2c.o
#        C:\Users\georgeb\Documents\Nucleo-F401RE\LinkProject\LinkProject476RG.ioc\EWARM\LinkProject476RG.ioc\Obj\list.o
#        C:\Users\georgeb\Documents\Nucleo-F401RE\LinkProject\LinkProject476RG.ioc\EWARM\LinkProject476RG.ioc\Obj\main.o
#        C:\Users\georgeb\Documents\Nucleo-F401RE\LinkProject\LinkProject476RG.ioc\EWARM\LinkProject476RG.ioc\Obj\port.o
#        C:\Users\georgeb\Documents\Nucleo-F401RE\LinkProject\LinkProject476RG.ioc\EWARM\LinkProject476RG.ioc\Obj\portasm.o
#        C:\Users\georgeb\Documents\Nucleo-F401RE\LinkProject\LinkProject476RG.ioc\EWARM\LinkProject476RG.ioc\Obj\queue.o
#        C:\Users\georgeb\Documents\Nucleo-F401RE\LinkProject\LinkProject476RG.ioc\EWARM\LinkProject476RG.ioc\Obj\spi.o
#        C:\Users\georgeb\Documents\Nucleo-F401RE\LinkProject\LinkProject476RG.ioc\EWARM\LinkProject476RG.ioc\Obj\startup_stm32l476xx.o
#        C:\Users\georgeb\Documents\Nucleo-F401RE\LinkProject\LinkProject476RG.ioc\EWARM\LinkProject476RG.ioc\Obj\stm32l4xx_hal.o
#        C:\Users\georgeb\Documents\Nucleo-F401RE\LinkProject\LinkProject476RG.ioc\EWARM\LinkProject476RG.ioc\Obj\stm32l4xx_hal_cortex.o
#        C:\Users\georgeb\Documents\Nucleo-F401RE\LinkProject\LinkProject476RG.ioc\EWARM\LinkProject476RG.ioc\Obj\stm32l4xx_hal_dma.o
#        C:\Users\georgeb\Documents\Nucleo-F401RE\LinkProject\LinkProject476RG.ioc\EWARM\LinkProject476RG.ioc\Obj\stm32l4xx_hal_dma_ex.o
#        C:\Users\georgeb\Documents\Nucleo-F401RE\LinkProject\LinkProject476RG.ioc\EWARM\LinkProject476RG.ioc\Obj\stm32l4xx_hal_flash.o
#        C:\Users\georgeb\Documents\Nucleo-F401RE\LinkProject\LinkProject476RG.ioc\EWARM\LinkProject476RG.ioc\Obj\stm32l4xx_hal_flash_ex.o
#        C:\Users\georgeb\Documents\Nucleo-F401RE\LinkProject\LinkProject476RG.ioc\EWARM\LinkProject476RG.ioc\Obj\stm32l4xx_hal_flash_ramfunc.o
#        C:\Users\georgeb\Documents\Nucleo-F401RE\LinkProject\LinkProject476RG.ioc\EWARM\LinkProject476RG.ioc\Obj\stm32l4xx_hal_gpio.o
#        C:\Users\georgeb\Documents\Nucleo-F401RE\LinkProject\LinkProject476RG.ioc\EWARM\LinkProject476RG.ioc\Obj\stm32l4xx_hal_i2c.o
#        C:\Users\georgeb\Documents\Nucleo-F401RE\LinkProject\LinkProject476RG.ioc\EWARM\LinkProject476RG.ioc\Obj\stm32l4xx_hal_i2c_ex.o
#        C:\Users\georgeb\Documents\Nucleo-F401RE\LinkProject\LinkProject476RG.ioc\EWARM\LinkProject476RG.ioc\Obj\stm32l4xx_hal_msp.o
#        C:\Users\georgeb\Documents\Nucleo-F401RE\LinkProject\LinkProject476RG.ioc\EWARM\LinkProject476RG.ioc\Obj\stm32l4xx_hal_pwr.o
#        C:\Users\georgeb\Documents\Nucleo-F401RE\LinkProject\LinkProject476RG.ioc\EWARM\LinkProject476RG.ioc\Obj\stm32l4xx_hal_pwr_ex.o
#        C:\Users\georgeb\Documents\Nucleo-F401RE\LinkProject\LinkProject476RG.ioc\EWARM\LinkProject476RG.ioc\Obj\stm32l4xx_hal_rcc.o
#        C:\Users\georgeb\Documents\Nucleo-F401RE\LinkProject\LinkProject476RG.ioc\EWARM\LinkProject476RG.ioc\Obj\stm32l4xx_hal_rcc_ex.o
#        C:\Users\georgeb\Documents\Nucleo-F401RE\LinkProject\LinkProject476RG.ioc\EWARM\LinkProject476RG.ioc\Obj\stm32l4xx_hal_spi.o
#        C:\Users\georgeb\Documents\Nucleo-F401RE\LinkProject\LinkProject476RG.ioc\EWARM\LinkProject476RG.ioc\Obj\stm32l4xx_hal_spi_ex.o
#        C:\Users\georgeb\Documents\Nucleo-F401RE\LinkProject\LinkProject476RG.ioc\EWARM\LinkProject476RG.ioc\Obj\stm32l4xx_hal_tim.o
#        C:\Users\georgeb\Documents\Nucleo-F401RE\LinkProject\LinkProject476RG.ioc\EWARM\LinkProject476RG.ioc\Obj\stm32l4xx_hal_tim_ex.o
#        C:\Users\georgeb\Documents\Nucleo-F401RE\LinkProject\LinkProject476RG.ioc\EWARM\LinkProject476RG.ioc\Obj\stm32l4xx_hal_uart.o
#        C:\Users\georgeb\Documents\Nucleo-F401RE\LinkProject\LinkProject476RG.ioc\EWARM\LinkProject476RG.ioc\Obj\stm32l4xx_hal_uart_ex.o
#        C:\Users\georgeb\Documents\Nucleo-F401RE\LinkProject\LinkProject476RG.ioc\EWARM\LinkProject476RG.ioc\Obj\stm32l4xx_it.o
#        C:\Users\georgeb\Documents\Nucleo-F401RE\LinkProject\LinkProject476RG.ioc\EWARM\LinkProject476RG.ioc\Obj\system_stm32l4xx.o
#        C:\Users\georgeb\Documents\Nucleo-F401RE\LinkProject\LinkProject476RG.ioc\EWARM\LinkProject476RG.ioc\Obj\tasks.o
#        C:\Users\georgeb\Documents\Nucleo-F401RE\LinkProject\LinkProject476RG.ioc\EWARM\LinkProject476RG.ioc\Obj\timers.o
#        C:\Users\georgeb\Documents\Nucleo-F401RE\LinkProject\LinkProject476RG.ioc\EWARM\LinkProject476RG.ioc\Obj\usart.o
#        --redirect _Printf=_PrintfFull --redirect _Scanf=_ScanfFull -o
#        C:\Users\georgeb\Documents\Nucleo-F401RE\LinkProject\LinkProject476RG.ioc\EWARM\LinkProject476RG.ioc\Exe\LinkProject476RG.ioc.out
#        --map
#        C:\Users\georgeb\Documents\Nucleo-F401RE\LinkProject\LinkProject476RG.ioc\EWARM\LinkProject476RG.ioc\List\LinkProject476RG.ioc.map
#        --config
#        C:\Users\georgeb\Documents\Nucleo-F401RE\LinkProject\LinkProject476RG.ioc\EWARM/stm32l476xx_flash.icf
#        --semihosting --entry __iar_program_start --vfe
#
###############################################################################

*******************************************************************************
*** RUNTIME MODEL ATTRIBUTES
***

CppFlavor       = *
__SystemLibrary = DLib


*******************************************************************************
*** PLACEMENT SUMMARY
***

"A0":  place at 0x08000000 { ro section .intvec };
"P1":  place in [from 0x08000000 to 0x080fffff] { ro };
"P2":  place in [from 0x20000000 to 0x20017fff] { rw, block CSTACK, block HEAP };
initialize by copy { rw };

  Section            Kind        Address    Size  Object
  -------            ----        -------    ----  ------
"A0":                                      0x188
  .intvec            ro code  0x08000000   0x188  startup_stm32l476xx.o [1]
                            - 0x08000188   0x188

"P1":                                     0x3000
  .text              ro code  0x08000188   0x77c  stm32l4xx_hal_uart.o [1]
  .text              ro code  0x08000904    0xf4  usart.o [1]
  .text              ro code  0x080009f8    0x4c  stm32l4xx_hal_dma.o [1]
  .text              ro code  0x08000a44     0x2  stm32l4xx_hal_uart.o [1]
  .text              ro code  0x08000a46     0x2  stm32l4xx_hal_uart_ex.o [1]
  .text              ro code  0x08000a48     0x2  stm32l4xx_hal_uart.o [1]
  .text              ro code  0x08000a4c   0x650  stm32l4xx_hal_rcc.o [1]
  .text              ro code  0x0800109c    0xee  I64DivMod.o [5]
  .text              ro code  0x0800118c     0xc  stm32l4xx_hal.o [1]
  .text              ro code  0x08001198   0x17c  main.o [1]
  .text              ro code  0x08001314   0x1d4  stm32l4xx_hal_gpio.o [1]
  .text              ro code  0x080014e8    0xd8  stm32l4xx_hal_cortex.o [1]
  .text              ro code  0x080015c0    0x28  stm32l4xx_hal.o [1]
  .text              ro code  0x080015e8    0x78  stm32l4xx_hal_pwr_ex.o [1]
  .text              ro code  0x08001660     0x2  I64DivZer.o [5]
  .text              ro code  0x08001664    0x24  stm32l4xx_hal.o [1]
  .text              ro code  0x08001688    0xbc  gpio.o [1]
  .text              ro code  0x08001744   0x10c  i2c.o [1]
  .text              ro code  0x08001850    0xf8  spi.o [1]
  .text              ro code  0x08001948    0x56  ABImemcpy_unaligned.o [5]
  .text              ro code  0x080019a0    0xa0  cmsis_os.o [1]
  .text              ro code  0x08001a40   0x53e  stm32l4xx_hal_rcc_ex.o [1]
  .text              ro code  0x08001f80   0x36e  stm32l4xx_hal_spi.o [1]
  .text              ro code  0x080022f0    0x8c  stm32l4xx_hal_msp.o [1]
  .text              ro code  0x0800237c    0xba  stm32l4xx_hal_i2c.o [1]
  .text              ro code  0x08002438    0x7a  stm32l4xx_hal_i2c_ex.o [1]
  .text              ro code  0x080024b4   0x590  tasks.o [1]
  .text              ro code  0x08002a44   0x120  port.o [1]
  .text              ro code  0x08002b64   0x1a8  heap_4.o [1]
  .text              ro code  0x08002d0c    0x5c  list.o [1]
  CODE               ro code  0x08002d68    0xa8  portasm.o [1]
  .text              ro code  0x08002e10    0x8c  system_stm32l4xx.o [1]
  .text              ro code  0x08002e9c    0x40  zero_init3.o [5]
  .text              ro code  0x08002edc    0x2c  copy_init3.o [5]
  .text              ro code  0x08002f08    0x28  data_init.o [5]
  .text              ro code  0x08002f30    0x22  fpinit_M.o [4]
  .iar.init_table    const    0x08002f54    0x24  - Linker created -
  .text              ro code  0x08002f78    0x1a  cmain.o [5]
  .text              ro code  0x08002f92     0x4  low_level_init.o [3]
  .text              ro code  0x08002f96     0x4  exit.o [3]
  .text              ro code  0x08002f9c     0xa  cexit.o [5]
  .text              ro code  0x08002fa8    0x14  exit.o [6]
  .rodata            const    0x08002fbc    0x18  main.o [1]
  .text              ro code  0x08002fd4    0x18  stm32l4xx_it.o [1]
  .text              ro code  0x08002fec    0x10  stm32l4xx_hal.o [1]
  .text              ro code  0x08002ffc    0x10  startup_stm32l476xx.o [1]
  Initializer bytes  const    0x0800300c    0x10  <for P2-1>
  .text              ro code  0x0800301c     0xc  cstartup_M.o [5]
  .rodata            const    0x08003028     0x8  system_stm32l4xx.o [1]
  .text              ro code  0x08003030     0x4  startup_stm32l476xx.o [1]
  .text              ro code  0x08003034     0x4  startup_stm32l476xx.o [1]
  .text              ro code  0x08003038     0x4  startup_stm32l476xx.o [1]
  .text              ro code  0x0800303c     0x4  startup_stm32l476xx.o [1]
  .text              ro code  0x08003040     0x4  startup_stm32l476xx.o [1]
  .text              ro code  0x08003044     0x4  startup_stm32l476xx.o [1]
  .text              ro code  0x08003048     0x4  startup_stm32l476xx.o [1]
  .text              ro code  0x0800304c     0x4  startup_stm32l476xx.o [1]
  .text              ro code  0x08003050     0x4  startup_stm32l476xx.o [1]
  .text              ro code  0x08003054     0x4  startup_stm32l476xx.o [1]
  .text              ro code  0x08003058     0x4  startup_stm32l476xx.o [1]
  .text              ro code  0x0800305c     0x4  startup_stm32l476xx.o [1]
  .text              ro code  0x08003060     0x4  startup_stm32l476xx.o [1]
  .text              ro code  0x08003064     0x4  startup_stm32l476xx.o [1]
  .text              ro code  0x08003068     0x4  startup_stm32l476xx.o [1]
  .text              ro code  0x0800306c     0x4  startup_stm32l476xx.o [1]
  .text              ro code  0x08003070     0x4  startup_stm32l476xx.o [1]
  .text              ro code  0x08003074     0x4  startup_stm32l476xx.o [1]
  .text              ro code  0x08003078     0x4  startup_stm32l476xx.o [1]
  .text              ro code  0x0800307c     0x4  startup_stm32l476xx.o [1]
  .text              ro code  0x08003080     0x4  startup_stm32l476xx.o [1]
  .text              ro code  0x08003084     0x4  startup_stm32l476xx.o [1]
  .text              ro code  0x08003088     0x4  startup_stm32l476xx.o [1]
  .text              ro code  0x0800308c     0x4  startup_stm32l476xx.o [1]
  .text              ro code  0x08003090     0x4  startup_stm32l476xx.o [1]
  .text              ro code  0x08003094     0x4  startup_stm32l476xx.o [1]
  .text              ro code  0x08003098     0x4  startup_stm32l476xx.o [1]
  .text              ro code  0x0800309c     0x4  startup_stm32l476xx.o [1]
  .text              ro code  0x080030a0     0x4  startup_stm32l476xx.o [1]
  .text              ro code  0x080030a4     0x4  startup_stm32l476xx.o [1]
  .text              ro code  0x080030a8     0x4  startup_stm32l476xx.o [1]
  .text              ro code  0x080030ac     0x4  startup_stm32l476xx.o [1]
  .text              ro code  0x080030b0     0x4  startup_stm32l476xx.o [1]
  .text              ro code  0x080030b4     0x4  startup_stm32l476xx.o [1]
  .text              ro code  0x080030b8     0x4  startup_stm32l476xx.o [1]
  .text              ro code  0x080030bc     0x4  startup_stm32l476xx.o [1]
  .text              ro code  0x080030c0     0x4  startup_stm32l476xx.o [1]
  .text              ro code  0x080030c4     0x4  startup_stm32l476xx.o [1]
  .text              ro code  0x080030c8     0x4  startup_stm32l476xx.o [1]
  .text              ro code  0x080030cc     0x4  startup_stm32l476xx.o [1]
  .text              ro code  0x080030d0     0x4  startup_stm32l476xx.o [1]
  .text              ro code  0x080030d4     0x4  startup_stm32l476xx.o [1]
  .text              ro code  0x080030d8     0x4  startup_stm32l476xx.o [1]
  .text              ro code  0x080030dc     0x4  startup_stm32l476xx.o [1]
  .text              ro code  0x080030e0     0x4  startup_stm32l476xx.o [1]
  .text              ro code  0x080030e4     0x4  startup_stm32l476xx.o [1]
  .text              ro code  0x080030e8     0x4  startup_stm32l476xx.o [1]
  .text              ro code  0x080030ec     0x4  startup_stm32l476xx.o [1]
  .text              ro code  0x080030f0     0x4  startup_stm32l476xx.o [1]
  .text              ro code  0x080030f4     0x4  startup_stm32l476xx.o [1]
  .text              ro code  0x080030f8     0x4  startup_stm32l476xx.o [1]
  .text              ro code  0x080030fc     0x4  startup_stm32l476xx.o [1]
  .text              ro code  0x08003100     0x4  startup_stm32l476xx.o [1]
  .text              ro code  0x08003104     0x4  startup_stm32l476xx.o [1]
  .text              ro code  0x08003108     0x4  startup_stm32l476xx.o [1]
  .text              ro code  0x0800310c     0x4  startup_stm32l476xx.o [1]
  .text              ro code  0x08003110     0x4  startup_stm32l476xx.o [1]
  .text              ro code  0x08003114     0x4  startup_stm32l476xx.o [1]
  .text              ro code  0x08003118     0x4  startup_stm32l476xx.o [1]
  .text              ro code  0x0800311c     0x4  startup_stm32l476xx.o [1]
  .text              ro code  0x08003120     0x4  startup_stm32l476xx.o [1]
  .text              ro code  0x08003124     0x4  startup_stm32l476xx.o [1]
  .text              ro code  0x08003128     0x4  startup_stm32l476xx.o [1]
  .text              ro code  0x0800312c     0x4  startup_stm32l476xx.o [1]
  .text              ro code  0x08003130     0x4  startup_stm32l476xx.o [1]
  .text              ro code  0x08003134     0x4  startup_stm32l476xx.o [1]
  .text              ro code  0x08003138     0x4  startup_stm32l476xx.o [1]
  .text              ro code  0x0800313c     0x4  startup_stm32l476xx.o [1]
  .text              ro code  0x08003140     0x4  startup_stm32l476xx.o [1]
  .text              ro code  0x08003144     0x4  startup_stm32l476xx.o [1]
  .text              ro code  0x08003148     0x4  startup_stm32l476xx.o [1]
  .text              ro code  0x0800314c     0x4  startup_stm32l476xx.o [1]
  .text              ro code  0x08003150     0x4  startup_stm32l476xx.o [1]
  .text              ro code  0x08003154     0x4  startup_stm32l476xx.o [1]
  .text              ro code  0x08003158     0x4  startup_stm32l476xx.o [1]
  .text              ro code  0x0800315c     0x4  startup_stm32l476xx.o [1]
  .text              ro code  0x08003160     0x4  startup_stm32l476xx.o [1]
  .text              ro code  0x08003164     0x4  startup_stm32l476xx.o [1]
  .text              ro code  0x08003168     0x4  startup_stm32l476xx.o [1]
  .text              ro code  0x0800316c     0x4  startup_stm32l476xx.o [1]
  .text              ro code  0x08003170     0x4  startup_stm32l476xx.o [1]
  .text              ro code  0x08003174     0x4  startup_stm32l476xx.o [1]
  .text              ro code  0x08003178     0x4  startup_stm32l476xx.o [1]
  .text              ro code  0x0800317c     0x4  startup_stm32l476xx.o [1]
  .text              ro code  0x08003180     0x4  startup_stm32l476xx.o [1]
  .text              ro code  0x08003184     0x4  startup_stm32l476xx.o [1]
  .rodata            const    0x08003188     0x0  zero_init3.o [5]
  .rodata            const    0x08003188     0x0  copy_init3.o [5]
                            - 0x08003188  0x3000

"P2", part 1 of 3:                          0x10
  P2-1                        0x20000000    0x10  <Init block>
    .data            inited   0x20000000     0xc  port.o [1]
    .data            inited   0x2000000c     0x4  system_stm32l4xx.o [1]
                            - 0x20000010    0x10

"P2", part 2 of 3:                         0x400
  CSTACK                      0x20000010   0x400  <Block>
    CSTACK           uninit   0x20000010   0x400  <Block tail>
                            - 0x20000410   0x400

"P2", part 3 of 3:                         0xe44
  .bss               zero     0x20000410   0xbd0  heap_4.o [1]
  .bss               zero     0x20000fe0    0xa0  tasks.o [1]
  .bss               zero     0x20001080    0x8c  tasks.o [1]
  .bss               zero     0x2000110c    0x78  usart.o [1]
  .bss               zero     0x20001184    0x64  spi.o [1]
  .bss               zero     0x200011e8    0x4c  i2c.o [1]
  .bss               zero     0x20001234    0x1c  main.o [1]
  .bss               zero     0x20001250     0x4  stm32l4xx_hal.o [1]
                            - 0x20001254   0xe44


*******************************************************************************
*** INIT TABLE
***

          Address     Size
          -------     ----
Zero (__iar_zero_init3)
    1 destination range, total size 0xe44:
          0x20000410  0xe44

Copy (__iar_copy_init3)
    1 source range, total size 0x10:
          0x0800300c   0x10
    1 destination range, total size 0x10:
          0x20000000   0x10



*******************************************************************************
*** MODULE SUMMARY
***

    Module                   ro code  ro data  rw data
    ------                   -------  -------  -------
C:\Users\georgeb\Documents\Nucleo-F401RE\LinkProject\LinkProject476RG.ioc\EWARM\LinkProject476RG.ioc\Obj: [1]
    cmsis_os.o                   160
    gpio.o                       188
    heap_4.o                     424             3 024
    i2c.o                        268                76
    list.o                        92
    main.o                       380       24       28
    port.o                       288       12       12
    portasm.o                    168
    spi.o                        248               100
    startup_stm32l476xx.o        752
    stm32l4xx_hal.o              104                 4
    stm32l4xx_hal_cortex.o       216
    stm32l4xx_hal_dma.o           76
    stm32l4xx_hal_gpio.o         468
    stm32l4xx_hal_i2c.o          186
    stm32l4xx_hal_i2c_ex.o       122
    stm32l4xx_hal_msp.o          140
    stm32l4xx_hal_pwr_ex.o       120
    stm32l4xx_hal_rcc.o        1 616
    stm32l4xx_hal_rcc_ex.o     1 342
    stm32l4xx_hal_spi.o          878
    stm32l4xx_hal_uart.o       1 920
    stm32l4xx_hal_uart_ex.o        2
    stm32l4xx_it.o                24
    system_stm32l4xx.o           140       12        4
    tasks.o                    1 424               300
    usart.o                      244               120
    --------------------------------------------------
    Total:                    11 990       48    3 668

command line: [2]
    --------------------------------------------------
    Total:

dl7M_tlf.a: [3]
    exit.o                         4
    low_level_init.o               4
    --------------------------------------------------
    Total:                         8

m7M_tls.a: [4]
    fpinit_M.o                    34
    --------------------------------------------------
    Total:                        34

rt7M_tl.a: [5]
    ABImemcpy_unaligned.o         86
    I64DivMod.o                  238
    I64DivZer.o                    2
    cexit.o                       10
    cmain.o                       26
    copy_init3.o                  44
    cstartup_M.o                  12
    data_init.o                   40
    zero_init3.o                  64
    --------------------------------------------------
    Total:                       522

shb_l.a: [6]
    exit.o                        20
    --------------------------------------------------
    Total:                        20

    Gaps                          20        2
    Linker created                         36    1 024
------------------------------------------------------
    Grand Total:              12 594       86    4 692


*******************************************************************************
*** ENTRY LIST
***

Entry                      Address   Size  Type      Object
-----                      -------   ----  ----      ------
.iar.init_table$$Base   0x08002f54          --   Gb  - Linker created -
.iar.init_table$$Limit  0x08002f78          --   Gb  - Linker created -
?main                   0x08002f79         Code  Gb  cmain.o [5]
AHBPrescTable           0x08002e5c   0x10  Data  Gb  system_stm32l4xx.o [1]
APBPrescTable           0x08003028    0x8  Data  Gb  system_stm32l4xx.o [1]
CSTACK$$Base            0x20000010          --   Gb  - Linker created -
CSTACK$$Limit           0x20000410          --   Gb  - Linker created -
HAL_DMA_Abort_IT        0x080009f9   0x4c  Code  Gb  stm32l4xx_hal_dma.o [1]
HAL_GPIO_Init           0x08001315  0x1a4  Code  Gb  stm32l4xx_hal_gpio.o [1]
HAL_GPIO_WritePin       0x080014b9    0xa  Code  Gb  stm32l4xx_hal_gpio.o [1]
HAL_GetTick             0x0800118d    0xc  Code  Wk  stm32l4xx_hal.o [1]
HAL_I2CEx_ConfigAnalogFilter
                        0x08002439   0x28  Code  Gb  stm32l4xx_hal_i2c_ex.o [1]
HAL_I2CEx_ConfigDigitalFilter
                        0x08002461   0x24  Code  Gb  stm32l4xx_hal_i2c_ex.o [1]
HAL_I2C_Init            0x0800237d   0x9e  Code  Gb  stm32l4xx_hal_i2c.o [1]
HAL_I2C_MspInit         0x080017a3   0x44  Code  Gb  i2c.o [1]
HAL_IncTick             0x08002fed   0x10  Code  Wk  stm32l4xx_hal.o [1]
HAL_Init                0x08001665   0x20  Code  Gb  stm32l4xx_hal.o [1]
HAL_InitTick            0x080015c1   0x28  Code  Wk  stm32l4xx_hal.o [1]
HAL_MspInit             0x080022f1   0x8c  Code  Gb  stm32l4xx_hal_msp.o [1]
HAL_NVIC_EnableIRQ      0x08001557    0xc  Code  Gb  stm32l4xx_hal_cortex.o [1]
HAL_NVIC_SetPriority    0x0800151d   0x3a  Code  Gb  stm32l4xx_hal_cortex.o [1]
HAL_NVIC_SetPriorityGrouping
                        0x08001503   0x1a  Code  Gb  stm32l4xx_hal_cortex.o [1]
HAL_PWREx_ControlVoltageScaling
                        0x080015f5   0x60  Code  Gb  stm32l4xx_hal_pwr_ex.o [1]
HAL_PWREx_GetVoltageRange
                        0x080015e9    0xc  Code  Gb  stm32l4xx_hal_pwr_ex.o [1]
HAL_RCCEx_PeriphCLKConfig
                        0x08001a41  0x30a  Code  Gb  stm32l4xx_hal_rcc_ex.o [1]
HAL_RCC_ClockConfig     0x08000e11   0xda  Code  Gb  stm32l4xx_hal_rcc.o [1]
HAL_RCC_GetHCLKFreq     0x08000fc1    0x6  Code  Gb  stm32l4xx_hal_rcc.o [1]
HAL_RCC_GetPCLK1Freq    0x08000fc7   0x10  Code  Gb  stm32l4xx_hal_rcc.o [1]
HAL_RCC_GetPCLK2Freq    0x08000fd7    0xe  Code  Gb  stm32l4xx_hal_rcc.o [1]
HAL_RCC_GetSysClockFreq
                        0x08000f13   0xae  Code  Gb  stm32l4xx_hal_rcc.o [1]
HAL_RCC_OscConfig       0x08000a4d  0x392  Code  Gb  stm32l4xx_hal_rcc.o [1]
HAL_SPI_Init            0x08001f81   0xa2  Code  Gb  stm32l4xx_hal_spi.o [1]
HAL_SPI_MspInit         0x080018a1   0x44  Code  Gb  spi.o [1]
HAL_SPI_Transmit        0x08002023  0x13a  Code  Gb  stm32l4xx_hal_spi.o [1]
HAL_SYSTICK_CLKSourceConfig
                        0x08001593   0x14  Code  Gb  stm32l4xx_hal_cortex.o [1]
HAL_SYSTICK_Config      0x0800156b   0x28  Code  Gb  stm32l4xx_hal_cortex.o [1]
HAL_UARTEx_WakeupCallback
                        0x08000a47    0x2  Code  Wk  stm32l4xx_hal_uart_ex.o [1]
HAL_UART_ErrorCallback  0x08000a45    0x2  Code  Wk  stm32l4xx_hal_uart.o [1]
HAL_UART_IRQHandler     0x080002b3  0x146  Code  Gb  stm32l4xx_hal_uart.o [1]
HAL_UART_Init           0x08000189   0x30  Code  Gb  stm32l4xx_hal_uart.o [1]
HAL_UART_MspInit        0x0800093f   0x54  Code  Gb  usart.o [1]
HAL_UART_Receive_IT     0x0800020d   0x98  Code  Gb  stm32l4xx_hal_uart.o [1]
HAL_UART_RxCpltCallback
                        0x08001287    0x4  Code  Gb  main.o [1]
HAL_UART_TxCpltCallback
                        0x08000a49    0x2  Code  Wk  stm32l4xx_hal_uart.o [1]
MSIRangeTable           0x08002e6c   0x30  Data  Gb  system_stm32l4xx.o [1]
MX_GPIO_Init            0x08001689   0x96  Code  Gb  gpio.o [1]
MX_I2C1_Init            0x08001745   0x5e  Code  Gb  i2c.o [1]
MX_SPI3_Init            0x08001851   0x50  Code  Gb  spi.o [1]
MX_USART2_UART_Init     0x08000905   0x3a  Code  Gb  usart.o [1]
NVIC_SetPriority        0x080014e9   0x1a  Code  Lc  stm32l4xx_hal_cortex.o [1]
PendSV_Handler          0x08002d69         Code  Gb  portasm.o [1]
RCCEx_PLLSAI1_Config    0x08001d83   0xd0  Code  Lc  stm32l4xx_hal_rcc_ex.o [1]
RCCEx_PLLSAI2_Config    0x08001e6b   0xba  Code  Lc  stm32l4xx_hal_rcc_ex.o [1]
RCC_SetFlashLatencyFromMSIRange
                        0x08000feb   0x78  Code  Lc  stm32l4xx_hal_rcc.o [1]
Region$$Table$$Base     0x08002f54          --   Gb  - Linker created -
Region$$Table$$Limit    0x08002f78          --   Gb  - Linker created -
Rx_Buffer               0x20001244    0xc  Data  Gb  main.o [1]
Rx_data                 0x20001240    0x2  Data  Gb  main.o [1]
Rx_index                0x20001234    0x1  Data  Gb  main.o [1]
SPITransmitHandle       0x2000123c    0x4  Data  Gb  main.o [1]
SPI_EndRxTxTransaction  0x080022a9   0x2c  Code  Lc  stm32l4xx_hal_spi.o [1]
SPI_Transmit            0x080012b9   0x24  Code  Lc  main.o [1]
SPI_WaitFifoStateUntilTimeout
                        0x080021d7   0x64  Code  Lc  stm32l4xx_hal_spi.o [1]
SPI_WaitFlagStateUntilTimeout
                        0x08002185   0x52  Code  Lc  stm32l4xx_hal_spi.o [1]
SVC_Handler             0x08002dc1         Code  Gb  portasm.o [1]
SysTick_Handler         0x08002fd5    0xe  Code  Gb  stm32l4xx_it.o [1]
SystemClock_Config      0x080011f1   0x96  Code  Gb  main.o [1]
SystemCoreClock         0x2000000c    0x4  Data  Gb  system_stm32l4xx.o [1]
SystemInit              0x08002e11   0x3c  Code  Gb  system_stm32l4xx.o [1]
Transfert_cplt          0x20001235    0x1  Data  Gb  main.o [1]
UARTReceiveHandle       0x20001238    0x4  Data  Gb  main.o [1]
UART_AdvFeatureConfig   0x080006b1   0xc6  Code  Gb  stm32l4xx_hal_uart.o [1]
UART_CheckIdleState     0x08000777   0x56  Code  Gb  stm32l4xx_hal_uart.o [1]
UART_DMAAbortOnError    0x08000855   0x10  Code  Lc  stm32l4xx_hal_uart.o [1]
UART_EndRxTransfer      0x08000831   0x20  Code  Lc  stm32l4xx_hal_uart.o [1]
UART_Receive            0x0800128b   0x2e  Code  Lc  main.o [1]
UART_RxISR_16BIT        0x080008a5   0x42  Code  Lc  stm32l4xx_hal_uart.o [1]
UART_RxISR_8BIT         0x08000865   0x40  Code  Lc  stm32l4xx_hal_uart.o [1]
UART_SetConfig          0x08000405  0x274  Code  Gb  stm32l4xx_hal_uart.o [1]
UART_WaitOnFlagUntilTimeout
                        0x080007cd   0x58  Code  Gb  stm32l4xx_hal_uart.o [1]
USART2_IRQHandler       0x08002fe3    0x6  Code  Gb  stm32l4xx_it.o [1]
_Error_Handler          0x080012e9    0x2  Code  Gb  main.o [1]
__aeabi_ldiv0           0x08001661         Code  Gb  I64DivZer.o [5]
__aeabi_uldivmod        0x0800109d         Code  Gb  I64DivMod.o [5]
__cmain                 0x08002f79         Code  Gb  cmain.o [5]
__exit                  0x08002fa9   0x14  Code  Gb  exit.o [6]
__iar_copy_init3        0x08002edd   0x2c  Code  Gb  copy_init3.o [5]
__iar_data_init3        0x08002f09   0x28  Code  Gb  data_init.o [5]
__iar_init_vfp          0x08002f31         Code  Gb  fpinit_M.o [4]
__iar_program_start     0x0800301d         Code  Gb  cstartup_M.o [5]
__iar_unaligned___aeabi_memcpy4
                        0x08001949         Code  Gb  ABImemcpy_unaligned.o [5]
__iar_unaligned___aeabi_memcpy8
                        0x08001949         Code  Gb  ABImemcpy_unaligned.o [5]
__iar_zero_init3        0x08002e9d   0x40  Code  Gb  zero_init3.o [5]
__low_level_init        0x08002f93    0x4  Code  Gb  low_level_init.o [3]
__vector_table          0x08000000         Data  Gb  startup_stm32l476xx.o [1]
_call_main              0x08002f85         Code  Gb  cmain.o [5]
_exit                   0x08002f9d         Code  Gb  cexit.o [5]
_main                   0x08002f8f         Code  Gb  cmain.o [5]
exit                    0x08002f97    0x4  Code  Gb  exit.o [3]
hi2c1                   0x200011e8   0x4c  Data  Gb  i2c.o [1]
hspi3                   0x20001184   0x64  Data  Gb  spi.o [1]
huart2                  0x2000110c   0x78  Data  Gb  usart.o [1]
inHandlerMode           0x080019ad    0xc  Code  Lc  cmsis_os.o [1]
main                    0x08001199   0x58  Code  Gb  main.o [1]
makeFreeRtosPriority    0x080019a1    0xc  Code  Lc  cmsis_os.o [1]
osSystickHandler        0x08001a01   0x14  Code  Gb  cmsis_os.o [1]
osThreadCreate          0x080019b9   0x2e  Code  Gb  cmsis_os.o [1]
osThreadResume          0x08001a1f   0x22  Code  Gb  cmsis_os.o [1]
osThreadSuspend         0x08001a15    0xa  Code  Gb  cmsis_os.o [1]
prvAddNewTaskToReadyList
                        0x08002585   0xa2  Code  Lc  tasks.o [1]
prvInitialiseNewTask    0x0800250d   0x78  Code  Lc  tasks.o [1]
prvInsertBlockIntoFreeList
                        0x08002cbf   0x46  Code  Lc  heap_4.o [1]
prvResetNextTaskUnblockTime
                        0x080029c1   0x1c  Code  Lc  tasks.o [1]
prvTaskExitError        0x08002a6d   0x28  Code  Lc  port.o [1]
prvTaskIsTaskSuspended  0x080026e5   0x24  Code  Lc  tasks.o [1]
pvPortMalloc            0x08002b65   0xf6  Code  Gb  heap_4.o [1]
pxCurrentTCB            0x20001008    0x4  Data  Gb  tasks.o [1]
pxDelayedTaskList       0x2000100c    0x4  Data  Lc  tasks.o [1]
pxEnd                   0x20000418    0x4  Data  Lc  heap_4.o [1]
pxOverflowDelayedTaskList
                        0x20001010    0x4  Data  Lc  tasks.o [1]
pxPortInitialiseStack   0x08002a45   0x26  Code  Gb  port.o [1]
pxReadyTasksLists       0x20001080   0x8c  Data  Lc  tasks.o [1]
ucHeap                  0x20000428  0xbb8  Data  Lc  heap_4.o [1]
ucMaxSysCallPriority    0x20000000    0x1  Data  Lc  port.o [1]
ulMaxPRIGROUPValue      0x20000008    0x4  Data  Lc  port.o [1]
uwTick                  0x20001250    0x4  Data  Gb  stm32l4xx_hal.o [1]
uxCriticalNesting       0x20000004    0x4  Data  Lc  port.o [1]
uxCurrentNumberOfTasks  0x2000102c    0x4  Data  Lc  tasks.o [1]
uxDeletedTasksWaitingCleanUp
                        0x20001014    0x4  Data  Lc  tasks.o [1]
uxListRemove            0x08002d45   0x24  Code  Gb  list.o [1]
uxPendedTicks           0x2000103c    0x4  Data  Lc  tasks.o [1]
uxSchedulerSuspended    0x20001050    0x4  Data  Lc  tasks.o [1]
uxTaskNumber            0x20001048    0x4  Data  Lc  tasks.o [1]
uxTopReadyPriority      0x20001034    0x4  Data  Lc  tasks.o [1]
vListInitialise         0x08002d0d   0x1a  Code  Gb  list.o [1]
vListInitialiseItem     0x08002d27    0x6  Code  Gb  list.o [1]
vListInsertEnd          0x08002d2d   0x18  Code  Gb  list.o [1]
vPortEnableVFP          0x08002df5         Code  Gb  portasm.o [1]
vPortEnterCritical      0x08002a95   0x32  Code  Gb  port.o [1]
vPortExitCritical       0x08002ac7   0x24  Code  Gb  port.o [1]
vPortFree               0x08002c6d   0x44  Code  Gb  heap_4.o [1]
vPortStartFirstTask     0x08002ddd         Code  Gb  portasm.o [1]
vPortValidateInterruptPriority
                        0x08002b11   0x42  Code  Gb  port.o [1]
vTaskResume             0x08002709   0x46  Code  Gb  tasks.o [1]
vTaskSuspend            0x0800262f   0x5e  Code  Gb  tasks.o [1]
vTaskSuspendAll         0x080027d1    0xc  Code  Gb  tasks.o [1]
vTaskSwitchContext      0x08002941   0x52  Code  Gb  tasks.o [1]
xBlockAllocatedBit      0x20000424    0x4  Data  Lc  heap_4.o [1]
xDelayedTaskList1       0x20001054   0x14  Data  Lc  tasks.o [1]
xDelayedTaskList2       0x20001068   0x14  Data  Lc  tasks.o [1]
xFreeBytesRemaining     0x2000041c    0x4  Data  Lc  heap_4.o [1]
xIdleTaskHandle         0x2000107c    0x4  Data  Lc  tasks.o [1]
xMinimumEverFreeBytesRemaining
                        0x20000420    0x4  Data  Lc  heap_4.o [1]
xNextTaskUnblockTime    0x2000104c    0x4  Data  Lc  tasks.o [1]
xNumOfOverflows         0x20001044    0x4  Data  Lc  tasks.o [1]
xPendingReadyList       0x20000fe0   0x14  Data  Lc  tasks.o [1]
xPortSysTickHandler     0x08002aeb   0x26  Code  Gb  port.o [1]
xSchedulerRunning       0x20001038    0x4  Data  Lc  tasks.o [1]
xStart                  0x20000410    0x8  Data  Lc  heap_4.o [1]
xSuspendedTaskList      0x20001018   0x14  Data  Lc  tasks.o [1]
xTaskCreate             0x080024b5   0x58  Code  Gb  tasks.o [1]
xTaskGetSchedulerState  0x080029dd   0x18  Code  Gb  tasks.o [1]
xTaskIncrementTick      0x0800287f   0xae  Code  Gb  tasks.o [1]
xTaskResumeAll          0x080027dd   0x8e  Code  Gb  tasks.o [1]
xTaskResumeFromISR      0x08002761   0x70  Code  Gb  tasks.o [1]
xTasksWaitingTermination
                        0x20000ff4   0x14  Data  Lc  tasks.o [1]
xTickCount              0x20001030    0x4  Data  Lc  tasks.o [1]
xYieldPending           0x20001040    0x4  Data  Lc  tasks.o [1]


[1] = C:\Users\georgeb\Documents\Nucleo-F401RE\LinkProject\LinkProject476RG.ioc\EWARM\LinkProject476RG.ioc\Obj
[2] = command line
[3] = dl7M_tlf.a
[4] = m7M_tls.a
[5] = rt7M_tl.a
[6] = shb_l.a

  12 594 bytes of readonly  code memory
      86 bytes of readonly  data memory
   4 692 bytes of readwrite data memory

Errors: none
Warnings: none
